syscalls.c:51:6:initialise_monitor_handles	0	static
syscalls.c:55:5:_getpid	0	static
syscalls.c:61:5:_gettimeofday	0	static
syscalls.c:67:5:_kill	0	static
syscalls.c:73:6:_exit	0	static
syscalls.c:78:5:_write	8	static
syscalls.c:87:8:_sbrk	0	static
syscalls.c:103:5:_close	0	static
syscalls.c:110:5:_fstat	0	static
syscalls.c:116:5:_isatty	0	static
syscalls.c:122:5:_lseek	0	static
syscalls.c:128:5:_read	0	static
syscalls.c:134:5:_readlink	0	static
syscalls.c:140:5:_open	0	static
syscalls.c:146:5:_wait	0	static
syscalls.c:152:5:_unlink	0	static
syscalls.c:158:5:_times	0	static
syscalls.c:164:5:_stat	0	static
syscalls.c:170:5:_symlink	0	static
syscalls.c:176:5:_link	0	static
syscalls.c:182:5:_fork	0	static
syscalls.c:188:5:_execve	0	static
